17/10/2025 03:38:34  AutoProcessing started by  OVOTEAM. Cases to process =1582
17/10/2025 03:38:34  Processing Item ... (1 of 1582 )
Starting workflow processing for case id - 22629411
Processing workflow SWV Workstep SWVRETURN WorkAction Default
Processed workflow task - old workflow code is SWV new workflow code is SWV
Processed workstep task - old workstep code is SWVRETURN new workstep code is RECODE
Finished workflow processing for case id - 22629411
17/10/2025 03:38:35  Processing Item ... (2 of 1582 )
Starting workflow processing for case id - 20778295
Processing workflow SWV Workstep SWVRETURN WorkAction Default
Processed workflow task - old workflow code is SWV new workflow code is SWV
Processed workstep task - old workstep code is SWVRETURN new workstep code is RECODE
Finished workflow processing for case id - 20778295
17/10/2025 03:38:37  Processing Item ... (3 of 1582 )